======================================== 
[Fri 08/14/2026  8:00:02.74] Starting daily update 

Loading existing versions.json...

Downloading:
  https://raw.githubusercontent.com/16BitWonder/nx-versions/master/versions.txt

Processing versions.txt...

Saving merged versions.json...

============================================================
Update complete
============================================================
Titles in database : 36,186
New titles         : 0
Updated titles     : 0
Unchanged titles   : 35,602
Invalid lines      : 0
Date               : 2026-08-14
Output             : D:\nsw_updates\versions.json
============================================================
[Fri 08/14/2026  8:00:03.24] update.py completed successfully 
[Fri 08/14/2026  8:00:03.32] No changes detected. Nothing to push. 
[Fri 08/14/2026  8:00:03.32] Daily update finished 
 
======================================== 
[Sat 08/15/2026  7:39:45.68] Starting daily update 

Loading existing versions.json...

Downloading:
  https://raw.githubusercontent.com/16BitWonder/nx-versions/master/versions.txt

Processing versions.txt...

Saving merged versions.json...

============================================================
Update complete
============================================================
Titles in database : 36,190
New titles         : 4
Updated titles     : 8
Unchanged titles   : 35,594
Invalid lines      : 0
Date               : 2026-08-15
Output             : D:\nsw_updates\versions.json
============================================================
[Sat 08/15/2026  7:39:46.85] update.py completed successfully 
[Sat 08/15/2026  7:39:47.61] Changes detected. Creating commit... 
[main 9939e4a] Daily update
 1 file changed, 24 insertions(+), 4 deletions(-)
To https://github.com/jsmith1299/titledb.git
 ! [rejected]        main -> main (fetch first)
error: failed to push some refs to 'https://github.com/jsmith1299/titledb.git'
hint: Updates were rejected because the remote contains work that you do not
hint: have locally. This is usually caused by another repository pushing to
hint: the same ref. If you want to integrate the remote changes, use
hint: 'git pull' before pushing again.
hint: See the 'Note about fast-forwards' in 'git push --help' for details.
[Sat 08/15/2026  7:39:47.61] ERROR: GitHub push failed 
======================================== 
[Sat 08/15/2026  7:43:50.13] Starting daily update 

Loading existing versions.json...

Downloading:
  https://raw.githubusercontent.com/16BitWonder/nx-versions/master/versions.txt

Processing versions.txt...

Saving merged versions.json...

============================================================
Update complete
============================================================
Titles in database : 36,190
New titles         : 0
Updated titles     : 0
Unchanged titles   : 35,606
Invalid lines      : 0
Date               : 2026-08-15
Output             : D:\nsw_updates\versions.json
============================================================
[Sat 08/15/2026  7:43:50.56] update.py completed successfully 
